python : ...........................
위치 줄:1 문자:1
+ python -m unittest discover tests 2>&1 > test_output.txt; tail -5 tes ...
+ ~~~~~~~~~~~~~~~~~~~~~~~~~~~~~~~~~~~~~~~~~~~~~~~~~~~~~~~~
    + CategoryInfo          : NotSpecified: (...........................:S 
   tring) [], RemoteException
    + FullyQualifiedErrorId : NativeCommandError
 
----------------------------------------------------------------------
Ran 27 tests in 3.412s

OK
--- 1단계 시작: Adam 최적화 ---
[Adam] 에포크 [2/2] - loss_pde: 7.0473e+02 - loss_bc: 5.6490e+00 - total_loss: 7.1038e+02
    Current LR: 9.990003e-04

--- 훈련 종료 ---
--- 1단계 시작: Adam 최적화 ---
[Adam] 에포크 [100/100] - loss_pde: 1.5348e+04 - loss_bc: 3.7974e-01 - total_loss: 1.5352e+04
    Current LR: 9.512175e-04

--- 훈련 종료 ---

Poisson 1D Integration Test - Relative L2 Error: 6.918299
Final training loss: 1.535211e+04
Note: This is a smoke test. Full convergence requires more epochs and tuning.
--- 1단계 시작: Adam 최적화 ---
[Adam] 에포크 [50/50] - loss_pde: 6.0888e-02 - loss_bc: 9.2906e-03 - total_loss: 7.0179e-02

--- 훈련 종료 ---
--- 1단계 시작: Adam 최적화 ---
[Adam] 에포크 [50/50] - loss_pde: 1.1648e-01 - loss_bc: 5.0550e-02 - total_loss: 1.6703e-01
    Current LR: 6.050061e-04

--- 훈련 종료 ---
